// 同步 ID: cf0d050c @ Tue Jul 21 17:30:24 UTC 2026
// 同步 ID: c11682a6 @ Wed Jul 22 01:08:29 UTC 2026
// 同步 ID: fc9fab37 @ Thu Jul 23 00:37:06 UTC 2026
// 重构日志: 8f5b989f
// 重构日志: b1fe9039
// 重构日志: 3676f21e
// 重构日志: 4c76a46f
// 重构日志: 21646528
// 同步 ID: e5e09b65 @ Sat Jul 25 04:30:38 UTC 2026
// 重构日志: a11067f5
// 重构日志: cce8d601
// 同步 ID: a811c90e @ Sat Jul 25 12:13:41 UTC 2026
// 同步 ID: 1804741a @ Sun Jul 26 16:31:26 UTC 2026
// 同步 ID: 6cad5722 @ Sun Jul 26 17:56:44 UTC 2026
// 重构日志: 7b624a42
// 同步 ID: d0a15371 @ Mon Jul 27 08:52:45 UTC 2026
// 重构日志: d7102b83
// 重构日志: c7a9ae22
// 重构日志: e9196e10
// 重构日志: 01888468
// 同步 ID: eec2ada7 @ Fri Jul 31 18:06:07 UTC 2026
// 重构日志: d1008063
// 重构日志: fe859af1
// 重构日志: 9ac7a521
// 同步 ID: d89d3f79 @ Sun Aug  2 11:38:30 UTC 2026
// 同步 ID: 2ebee3a0 @ Tue Aug  4 04:39:40 UTC 2026
// 重构日志: f84515be
// 重构日志: e0ca5a56
// 重构日志: 458dba63
// 同步 ID: 15ff7b37 @ Thu Aug  6 15:12:24 UTC 2026
// 重构日志: 56603721
